pupw{jv{z mq|{{
p{nghuxxlhgisqn
e|jlg|qm}tlh zm
 vwot{z|o muzx 
|f}osumu|t ue  
x oiou{pfiw evh
vmo{xigtumxt g 
 uqgpm{o ioq sl
gz|hgjen l}   }
hl{ q fliz}} mo
 |t|mjn{hgl|xso
o eew vgmvf t||
h fm {pm xzpomj
gi h} vgg{une{j
gtxthmm tigtn o
