0
1
7
5
1
5
9
1
8
1
1
2
1
7
8
0
8
1
2
1
1
1
1
2
1
7
1
2
5
1
