31
305726
2
1
0
18
32984
108
6152
0
1
33
5050
703
9164
8
117560
812733
643150
5
1238
20
194
48540
1132
4
285582
270354
1
1022823
46049
11
0
28
1
190271
1
16
7478
562
35411
2206
1482
1
4
3
5
48040
59390
0
8
87
1267
197
1064
151194
246
2
7
1
44489
51
1
1
4
895
360
32099
5
0
15
628335
181
25
4121
1
20
10
72
2308
522
3030
3
191
6
4651
66983
3863
667162
478
753017
0
120
8720
131440
30963
488
1
637
33044
