674
937
2594
2416
1675
2748
2544
2725
988
