960
2326
2297
93
244
3335
2341
247
3188
3444
2311
2006
258
504
503
1916
3514
1550
2581
