14432664233136161134331155531242562355614145565351313424416341322612159595886396890758884696800645982553087706009077780707561168090770578658479717708121068678807685184863651050639530019057801778549849
9