0
6
1
1
5
1
9
1
1
5
4
0
8
1
3
5
1
8
3
2
9
4
1
1
7
5
1
1
7
1
1
8
7
1
1
1
1
1
7
1
4
9
1
1
0
1
7
