258
0
1
0
451
613753
2001
74779
1111
1
1
15291
32508
0
734
102520
57901
43
732689
16335
14738
4918
14833
193563
2
3238
14
4
1100
576
31386
583
1
7641
18841
20026
4605
20125
46
196093
104
87
59070
2737
0
75
275657
0
86
1946
