6
48730
130
174
1153
2521
206
7
281351
22619
