jomwovy
kg gv  
kth|h  
     j{
 | qo w
|p ptjm
ykpmqxk
