B
D
F
H
A
C
E
G
I
C
E
G
I
B
D
F
H
A
C
F
H
A
C
E
G
I
B
D
F
I
B
D
F
H
A
C
E
G
I
C
E
G
I
B
D
F
H
A
C
F
H
A
C
E
G
I
B
D
F
I
B
D
F
H
A
C
E
G
I
C
E
G
I
B
D
F
H
A
C
F
H
A
C
E
G
I
B
D
F
I
B
D
F
H
A
C
E
G
I
D
F
H
A
C
E
G
I
B
D
G
I
B
D
F
H
A
C
E
G
A
C
E
G
I
B
D
F
H
A
D
F
H
A
C
E
G
I
B
D
G
I
B
D
F
H
A
C
E
G
A
C
E
G
I
B
D
F
H
A
D
F
H
A
C
E
G
I
B
D
G
I
B
D
F
H
A
C
E
G
A
C
E
G
I
B
D
F
H
A
D
F
H
A
C
E
G
I
B
D
H
A
C
E
G
I
B
D
F
H
B
D
F
H
A
C
E
G
I
B
E
G
I
B
D
F
H
A
C
E
H
A
C
E
G
I
B
D
F
H
B
D
F
H
A
C
E
G
I
B
E
G
I
B
D
F
H
A
C
E
H
A
C
E
G
I
B
D
F
H
B
D
F
H
A
C
E
G
I
B
E
G
I
B
D
F
H
A
C
E
H
A
C
E
G
I
B
D
F
H
C
E
G
I
B
D
F
H
A
C
F
H
A
C
E
G
I
B
D
F
I
B
D
F
H
A
C
E
G
I
C
E
G
I
B
D
F
H
A
C
F
H
A
C
E
G
I
B
D
F
I
B
D
F
H
A
C
E
G
I
C
E
G
I
B
D
F
H
A
C
F
H
A
C
E
G
I
B
D
F
I
B
D
F
H
A
C
E
G
I
C
E
G
I
B
D
F
H
A
C
G
I
B
D
F
H
A
C
E
G
A
C
E
G
I
B
D
F
H
A
D
F
H
A
C
E
G
I
B
D
G
I
B
D
F
H
A
C
E
G
A
C
E
G
I
B
D
F
H
A
D
F
H
A
C
E
G
I
B
D
G
I
B
D
F
H
A
C
E
G
A
C
E
G
I
B
D
F
H
A
D
F
H
A
C
E
G
I
B
D
G
I
B
D
F
H
A
C
E
G
B
D
F
H
A
C
E
G
I
B
E
G
I
B
D
F
H
A
C
E
H
A
C
E
G
I
B
D
F
H
B
D
F
H
A
C
E
G
I
B
E
G
I
B
D
F
H
A
C
E
H
A
C
E
G
I
B
D
F
H
B
D
F
H
A
C
E
G
I
B
E
G
I
B
D
F
H
A
C
E
H
A
C
E
G
I
B
D
F
H
B
D
F
H
A
C
E
G
I
B
F
H
A
C
E
G
I
B
D
F
I
B
D
F
H
A
C
E
G
I
C
E
G
I
B
D
F
H
A
C
F
H
A
C
E
G
I
B
D
F
I
B
D
F
H
A
C
E
G
I
C
E
G
I
B
D
F
H
A
C
F
H
A
C
E
G
I
B
D
F
I
B
D
F
H
A
C
E
G
I
C
E
G
I
B
D
F
H
A
C
F
H
A
C
E
G
I
B
D
F
A
C
E
G
I
B
D
F
H
A
D
F
H
A
C
E
G
I
B
D
G
I
B
D
F
H
A
C
E
G
A
C
E
G
I
B
D
F
H
A
D
F
H
A
C
E
G
I
B
D
G
I
B
D
F
H
A
C
E
G
A
C
E
G
I
B
D
F
H
A
D
F
H
A
C
E
G
I
B
D
G
I
B
D
F
H
A
C
E
G
A
C
E
G
I
B
D
F
H
A
E
G
I
B
D
F
H
A
C
E
H
A
C
E
G
I
B
D
F
H
B
D
F
H
A
C
E
G
I
B
E
G
I
B
D
F
H
A
C
E
H
A
C
E
G
I
B
D
F
H
B
D
F
H
A
C
E
G
I
B
E
G
I
B
D
F
H
A
C
E
H
A
C
E
G
I
B
D
F
H
B
D
F
H
A
C
E
G
I
B
E
G
I
B
D
F
H
A
C
E
I
B
D
F
H
A
C
E
G
I
C
E
G
I
B
D
F
H
A
C
F
H
A
C
E
G
I
B
D
F
I
B
D
F
H
A
C
E
G
I
C
E
G
I
B
D
F
H
A
C
F
H
A
C
E
G
I
B
D
F
I
B
D
F
H
A
C
E
G
I
C
E
G
I
B
D
F
H
A
C
F
H
A
C
E
G
I
B
D
F
I
B
D
F
H
A
C
E
G
I
E
