23
3137
8389
157163
167173
233239
257263
331337
353359
467479
509521
523541
653659
661673
677683
727733
11871193
12011213
12591277
13671373
14531459
16691693
17091721
17411747
21792203
22072213
22812287
23332339
26212633
26712677
28972903
29632969
30673079
32593271
36373643
37613767
40994111
43974409
46034621
46794691
47334751
47594783
49194931
55575563
59275939
63536359
69776983
73937411
75837589
78237829
