9305026938053715121138054317611708338380894206181317116166190509093528451753196246879035472161589553091539087298597843151949410431529
9