1
5
1
2
2
1
1
1
3
1
1
1
2
1
1
2
8
1
8
1
9
1
1
4
1
7
1
5
1
5
1
2
2
4
9
1
8
1
0
5
1
7
4
7
1
6
7
1
5
0
3
7
8
1
9
5
7
7
2
3
2
1
1
8
4
7
1
0
1
1
5
0
8
1
7
1
8
4
2
3
1
0
1
0
8
1
1
1
0
5
5
9
4
1
9
1
0
1
8
9
1
1
7
5
8
2
1
3
7
2
1
5
1
9
8
1
1
3
9
5
9
0
4
