2249
628
1849
756
2842
2532
3293
2415
1333
1301
795
524
2387
3139
575
3021
3206
232
316
